02:33:04  optimize: vtail_sample_v1.7_span300 / endurance_sample — objective endurance. Each NLP solve takes minutes and peaks near 15 GB; a full battery runs for hours. RAM: 22.0 GB free of 25.4 GB.
02:33:04  checkpointing members to runs/_checkpoints_span300; create runs/_pause_span300 to pause at the next member boundary
02:33:04  multistart: 4 solve(s), 1-wide
02:38:51    multistart [1/4] nominal: objective 126.2 (5.8 min, peak 11.9 GB)
02:43:26    multistart [2/4] perturbed_0: objective 126.2 (4.6 min, peak 11.9 GB)
02:48:27    multistart [3/4] perturbed_1: objective 126.2 (5.0 min, peak 11.9 GB)
02:53:45    multistart [4/4] mass_bump: objective 125.3 (5.3 min, peak 11.9 GB)
02:53:45  flatness sweep: 1 solve(s), 1-wide
02:59:30    flatness sweep [1/1] 3.0: objective 122 (5.8 min, peak 11.9 GB)
02:59:30  flatness sweep: 1 solve(s), 1-wide
03:05:14    flatness sweep [1/1] 2.820762143691765: objective 124.5 (5.7 min, peak 11.9 GB)
03:05:14  flatness sweep: 1 solve(s), 1-wide
03:10:15    flatness sweep [1/1] 2.64152428738353: objective 125.7 (5.0 min, peak 11.9 GB)
03:10:15  flatness sweep: 1 solve(s), 1-wide
03:15:42    flatness sweep [1/1] 2.4622864310752948: objective 126.2 (5.5 min, peak 11.9 GB)
03:15:42  flatness sweep: 1 solve(s), 1-wide
03:21:07    flatness sweep [1/1] 2.2830485747670597: objective 125.4 (5.4 min, peak 11.9 GB)
03:21:07  flatness sweep: 1 solve(s), 1-wide
03:26:01    flatness sweep [1/1] 2.1038107184588246: objective 123.4 (4.9 min, peak 11.9 GB)
03:26:01  re-solve battery: 4 solve(s), 1-wide
03:30:54    re-solve battery [1/4] printed_mass_x1.10: objective 122.8 (4.9 min, peak 11.9 GB)
03:36:18    re-solve battery [2/4] printed_mass_x0.90: objective 129.4 (5.4 min, peak 11.9 GB)
03:41:43    re-solve battery [3/4] chain_eta_x0.90: objective 115.1 (5.4 min, peak 11.9 GB)
03:46:39    re-solve battery [4/4] chain_eta_x1.10: objective 137 (4.9 min, peak 11.9 GB)
03:46:40  study prop_choice: screened 65 candidates without solving — shortlist ancf_12x10, ancf_14x9, ancf_13x11, ancf_12x9
03:46:40  study prop_choice: 4 solve(s), 1-wide
03:52:22    study prop_choice [1/4] ancf_12x10: objective 150.5 (5.7 min, peak 11.9 GB)
03:57:31    study prop_choice [2/4] ancf_14x9: objective 146.9 (5.2 min, peak 11.9 GB)
04:02:40    study prop_choice [3/4] ancf_13x11: objective 146.1 (5.2 min, peak 11.9 GB)
04:07:43    study prop_choice [4/4] ancf_12x9: objective 144.5 (5.0 min, peak 11.9 GB)
04:07:43  study fuselage_topology: 1 solve(s), 1-wide
04:12:43    study fuselage_topology [1/1] integrated: objective 142.3 (5.0 min, peak 11.9 GB)
04:12:43  study tail_type: 2 solve(s), 1-wide
04:20:50    study tail_type [1/2] conventional: objective 146.2 (8.1 min, peak 14.4 GB)
04:26:58    study tail_type [2/2] ttail: objective 144.3 (6.1 min, peak 14.6 GB)
04:26:58  study wing_dihedral_form: 1 solve(s), 1-wide
04:31:57    study wing_dihedral_form [1/1] polyhedral2: objective 146.3 (5.0 min, peak 13.8 GB)
04:31:57  winglet study: 2 solve(s), 1-wide
04:35:13    winglet study [1/2] off: objective 149.9 (3.3 min, peak 11.9 GB)
04:38:33    winglet study [2/2] continuous_cant: objective 149.9 (3.3 min, peak 11.9 GB)
04:39:11  champion sits on 8 bound(s): ballast_kg=-6.969e-10 (lower), cs_frac=0.4 (upper), d_exp=-4.881e-09 (lower), fullness=1 (lower), le_shear=1 (upper), spar_od_center=0.014 (upper), t_dihedral=55 (upper), wl_cant=55 (lower)
04:39:11  re-evaluating the champion numerically and writing artifacts
04:39:11  evaluating vtail_sample_v1.7_span300 / endurance_sample over 18 speed points
04:39:55  writing artifacts to runs/20260801T043954-endurance_sample-vtail_sample_v1-7_span300
04:40:05  done in 127.0 min — champion objective 150.5, artifacts in runs/20260801T043954-endurance_sample-vtail_sample_v1-7_span300
status: M3: full-vehicle optimization (wing + tail + balance + spars + trim) + numeric re-evaluation
champion: {'span': 2.496999707206208, 'c_root': 0.2174181871655593, 'taper': 0.6438215669586774, 'fullness': 0.9999999901001353, 'le_shear': 1.0000000099205926, 'eta_break': 0.4625552805114153, 'washout_tip': -0.13957325724424968, 'tail_arm': 0.9765441367199128, 't_span': 0.4486004682292138, 't_c_root': 0.1188090563274891, 't_taper': 0.9129929683858502, 't_sweep': 2.6386975308501195, 'cs_frac': 0.40000000155765486, 'spar_od_center': 0.014000000139747979, 'spar_wall_center': 0.0010147983422095434, 'spar_od_outer': 0.010098891438485573, 'spar_wall_outer': 0.0006839453828971288, 'ballast_kg': -6.969148503054234e-10, 'x_battery': 0.3802379410441263, 'pod_nose': 0.061430006833448556, 'pod_bay': 0.20821295127511247, 'pod_xs': 0.7941176370683237, 'pod_bay_end': 0.5204509023065049, 'dihedral_tip': 2.001628186493095, 'd_exp': -4.8809857174717515e-09, 'pod_tail': 0.11057402025719175, 't_dihedral': 55.000000548776235, 'wl_len': 0.08408566290412033, 'wl_cant': 54.99999925428699, 'wl_cr': 0.6735519087521883, 'wl_taper': 0.9795554217607897, 'wl_toe': -2.4934242866586764} V=9.5 -> 150.5 min
runs/20260801T043954-endurance_sample-vtail_sample_v1-7_span300
